logs/exp_003_baseline9L.txt
run_id:exp_003_baseline9L
mlx_version:0.31.1
train_loader:shards pattern=./data/datasets/fineweb10B_sp1024/fineweb_train_*.bin
val_loader:shards pattern=./data/datasets/fineweb10B_sp1024/fineweb_val_*.bin tokens:62021632
WARNING: train_loader:subset dataset:fineweb10B_sp1024 train_shards:10/195 new epochs will arrive sooner than the full dataset
tokenizer_path:./data/tokenizers/fineweb_1024_bpe.model
model_params:17059912 vocab_size:1024 layers:9 dim:512 heads:8 kv_heads:4 seq_len:1024 tie_embeddings:True
iterations:2000 train_batch_tokens:8192 grad_accum_steps:8 microbatch_tokens:1024 microbatch_batch_size:1 val_batch_size:524288 warmup_steps:20 max_wallclock_seconds:600.000
mlx_max_microbatch_tokens:8192
optimizer:muon+adam muon_matrix_params:54 scalar_params:37 embed_lr:0.05 matrix_lr:0.04 scalar_lr:0.04 muon_momentum:0.95 muon_steps:5
val_bpb:enabled tokenizer_kind=sentencepiece tokenizer_path=./data/tokenizers/fineweb_1024_bpe.model
compute_dtype:mlx.core.bfloat16 compile:True
dtypes tok_emb:mlx.core.bfloat16 linear_weight:mlx.core.float32 skip_weights:mlx.core.float32
warmup_step:1/20
warmup_step:2/20
warmup_step:3/20
warmup_step:4/20
warmup_step:5/20
warmup_step:6/20
warmup_step:7/20
warmup_step:8/20
warmup_step:9/20
warmup_step:10/20
warmup_step:11/20
warmup_step:12/20
warmup_step:13/20
warmup_step:14/20
warmup_step:15/20
warmup_step:16/20
warmup_step:17/20
warmup_step:18/20
warmup_step:19/20
warmup_step:20/20
val_progress:1/947
val_progress:25/947
val_progress:50/947
val_progress:75/947
val_progress:100/947
val_progress:125/947
val_progress:150/947
val_progress:175/947
val_progress:200/947
val_progress:225/947
val_progress:250/947
val_progress:275/947
val_progress:300/947
val_progress:325/947
val_progress:350/947
val_progress:375/947
val_progress:400/947
val_progress:425/947
val_progress:450/947
val_progress:475/947
val_progress:500/947
val_progress:525/947
val_progress:550/947
val_progress:575/947
val_progress:600/947
val_progress:625/947
val_progress:650/947
val_progress:675/947
val_progress:700/947
val_progress:725/947
val_progress:750/947
val_progress:775/947
val_progress:800/947
val_progress:825/947
val_progress:850/947
val_progress:875/947
val_progress:900/947
val_progress:925/947
val_progress:947/947
step:0/2000 val_loss:6.9372 val_bpb:4.1086 train_time:0ms step_avg:0.00ms
step:1/2000 train_loss:6.9428 train_time:473ms step_avg:472.63ms tok_s:17333
step:2/2000 train_loss:18.7852 train_time:1272ms step_avg:635.87ms tok_s:10412
step:3/2000 train_loss:14.4129 train_time:1857ms step_avg:618.95ms tok_s:14279
step:4/2000 train_loss:10.6203 train_time:2457ms step_avg:614.14ms tok_s:14020
step:5/2000 train_loss:8.0915 train_time:3047ms step_avg:609.39ms tok_s:13892
step:6/2000 train_loss:6.9493 train_time:3625ms step_avg:604.10ms tok_s:14201
step:7/2000 train_loss:6.5725 train_time:4210ms step_avg:601.38ms tok_s:14025
step:8/2000 train_loss:6.5436 train_time:4796ms step_avg:599.53ms tok_s:13992
step:9/2000 train_loss:6.4132 train_time:5404ms step_avg:600.39ms tok_s:13848
step:10/2000 train_loss:6.3435 train_time:5997ms step_avg:599.73ms tok_s:14105
step:200/2000 train_loss:3.9052 train_time:116451ms step_avg:582.25ms tok_s:14453
step:400/2000 train_loss:3.6028 train_time:231694ms step_avg:579.24ms tok_s:14331
val_progress:1/947
val_progress:25/947
val_progress:50/947
val_progress:75/947
val_progress:100/947
val_progress:125/947
val_progress:150/947
val_progress:175/947
val_progress:200/947
val_progress:225/947
val_progress:250/947
val_progress:275/947
val_progress:300/947
val_progress:325/947
val_progress:350/947
val_progress:375/947
val_progress:400/947
val_progress:425/947
val_progress:450/947
val_progress:475/947
val_progress:500/947
val_progress:525/947
val_progress:550/947
val_progress:575/947
val_progress:600/947
val_progress:625/947
val_progress:650/947
val_progress:675/947
val_progress:700/947
val_progress:725/947
val_progress:750/947
val_progress:775/947
val_progress:800/947
val_progress:825/947
val_progress:850/947
val_progress:875/947
val_progress:900/947
val_progress:925/947
val_progress:947/947
step:500/2000 val_loss:3.5887 val_bpb:2.1254 train_time:290102ms step_avg:580.20ms
step:600/2000 train_loss:3.4019 train_time:434319ms step_avg:723.87ms tok_s:4227
val_progress:1/947
val_progress:25/947
val_progress:50/947
val_progress:75/947
val_progress:100/947
val_progress:125/947
val_progress:150/947
val_progress:175/947
val_progress:200/947
val_progress:225/947
val_progress:250/947
val_progress:275/947
val_progress:300/947
val_progress:325/947
val_progress:350/947
val_progress:375/947
val_progress:400/947
val_progress:425/947
val_progress:450/947
val_progress:475/947
val_progress:500/947
val_progress:525/947
val_progress:550/947
val_progress:575/947
val_progress:600/947
val_progress:625/947
val_progress:650/947
val_progress:675/947
val_progress:700/947
val_progress:725/947
val_progress:750/947
val_progress:775/947
val_progress:800/947
val_progress:825/947
val_progress:850/947
val_progress:875/947
val_progress:900/947
val_progress:925/947
val_progress:947/947
step:688/2000 val_loss:3.3767 val_bpb:1.9999 train_time:601333ms step_avg:874.03ms
stopping_early: wallclock_cap train_time:601333ms step:688/2000
saved_model:logs/exp_003_baseline9L_mlx_model.npz bytes:67212188
serialized_model_int8_zlib:12004950 bytes (payload:17178912 raw_pickle:17188361 payload_ratio:3.91x)
val_progress:1/947
val_progress:25/947
val_progress:50/947
val_progress:75/947
val_progress:100/947
val_progress:125/947
val_progress:150/947
val_progress:175/947
val_progress:200/947
val_progress:225/947
val_progress:250/947
val_progress:275/947
val_progress:300/947
val_progress:325/947
val_progress:350/947
val_progress:375/947
val_progress:400/947
val_progress:425/947
val_progress:450/947
val_progress:475/947
val_progress:500/947
val_progress:525/947
val_progress:550/947
val_progress:575/947
val_progress:600/947
val_progress:625/947
val_progress:650/947
val_progress:675/947
val_progress:700/947
val_progress:725/947
val_progress:750/947
val_progress:775/947
val_progress:800/947
val_progress:825/947
val_progress:850/947
val_progress:875/947
val_progress:900/947
val_progress:925/947
val_progress:947/947
final_int8_zlib_roundtrip val_loss:3.3776 val_bpb:2.0004 eval_time:646129ms
final_int8_zlib_roundtrip_exact val_loss:3.37763931 val_bpb:2.00042825
