logs/exp_034_gradclip025.txt
run_id:exp_034_gradclip025
mlx_version:0.31.1
train_loader:shards pattern=./data/datasets/fineweb10B_sp1024/fineweb_train_*.bin
val_loader:shards pattern=./data/datasets/fineweb10B_sp1024/fineweb_val_*.bin tokens:62021632
WARNING: train_loader:subset dataset:fineweb10B_sp1024 train_shards:10/195 new epochs will arrive sooner than the full dataset
tokenizer_path:./data/tokenizers/fineweb_1024_bpe.model
model_params:24142928 vocab_size:1024 layers:10 dim:512 heads:8 kv_heads:4 seq_len:1024 tie_embeddings:True
iterations:2000 train_batch_tokens:24576 grad_accum_steps:8 microbatch_tokens:3072 microbatch_batch_size:3 val_batch_size:524288 warmup_steps:20 max_wallclock_seconds:600.000
mlx_max_microbatch_tokens:8192
optimizer:muon+adam muon_matrix_params:60 scalar_params:42 embed_lr:0.05 matrix_lr:0.04 scalar_lr:0.04 muon_momentum:0.95 muon_steps:5
val_bpb:enabled tokenizer_kind=sentencepiece tokenizer_path=./data/tokenizers/fineweb_1024_bpe.model
compute_dtype:mlx.core.bfloat16 compile:True
dtypes tok_emb:mlx.core.bfloat16 linear_weight:mlx.core.float32 skip_weights:mlx.core.float32
warmup_step:1/20
warmup_step:2/20
warmup_step:3/20
warmup_step:4/20
warmup_step:5/20
warmup_step:6/20
warmup_step:7/20
warmup_step:8/20
warmup_step:9/20
warmup_step:10/20
warmup_step:11/20
warmup_step:12/20
warmup_step:13/20
warmup_step:14/20
warmup_step:15/20
warmup_step:16/20
warmup_step:17/20
warmup_step:18/20
warmup_step:19/20
warmup_step:20/20
val_progress:1/947
val_progress:25/947
val_progress:50/947
val_progress:75/947
val_progress:100/947
val_progress:125/947
val_progress:150/947
val_progress:175/947
val_progress:200/947
val_progress:225/947
val_progress:250/947
val_progress:275/947
val_progress:300/947
val_progress:325/947
val_progress:350/947
val_progress:375/947
val_progress:400/947
val_progress:425/947
val_progress:450/947
val_progress:475/947
val_progress:500/947
val_progress:525/947
val_progress:550/947
val_progress:575/947
val_progress:600/947
val_progress:625/947
val_progress:650/947
val_progress:675/947
val_progress:700/947
val_progress:725/947
val_progress:750/947
val_progress:775/947
val_progress:800/947
val_progress:825/947
val_progress:850/947
val_progress:875/947
val_progress:900/947
val_progress:925/947
val_progress:947/947
step:0/2000 val_loss:6.9371 val_bpb:4.1086 train_time:0ms step_avg:0.00ms
step:1/2000 train_loss:6.9369 train_time:841ms step_avg:841.24ms tok_s:29214
step:2/2000 train_loss:17.9395 train_time:1767ms step_avg:883.34ms tok_s:26972
step:3/2000 train_loss:16.3707 train_time:2675ms step_avg:891.78ms tok_s:27069
step:4/2000 train_loss:13.3708 train_time:3553ms step_avg:888.34ms tok_s:28089
step:5/2000 train_loss:10.7086 train_time:4445ms step_avg:888.99ms tok_s:27703
step:6/2000 train_loss:8.1592 train_time:5363ms step_avg:893.91ms tok_s:27228
step:7/2000 train_loss:7.0355 train_time:6277ms step_avg:896.70ms tok_s:27274
step:8/2000 train_loss:6.4369 train_time:7187ms step_avg:898.41ms tok_s:27492
step:9/2000 train_loss:6.3276 train_time:8075ms step_avg:897.17ms tok_s:28243
step:10/2000 train_loss:6.0345 train_time:8964ms step_avg:896.42ms tok_s:28116
step:200/2000 train_loss:3.3655 train_time:174221ms step_avg:871.11ms tok_s:27640
step:400/2000 train_loss:3.0031 train_time:345692ms step_avg:864.23ms tok_s:29231
val_progress:1/947
val_progress:25/947
val_progress:50/947
val_progress:75/947
val_progress:100/947
val_progress:125/947
val_progress:150/947
val_progress:175/947
val_progress:200/947
val_progress:225/947
val_progress:250/947
val_progress:275/947
val_progress:300/947
val_progress:325/947
val_progress:350/947
val_progress:375/947
val_progress:400/947
val_progress:425/947
val_progress:450/947
val_progress:475/947
val_progress:500/947
val_progress:525/947
val_progress:550/947
val_progress:575/947
val_progress:600/947
val_progress:625/947
val_progress:650/947
val_progress:675/947
val_progress:700/947
val_progress:725/947
val_progress:750/947
val_progress:775/947
val_progress:800/947
val_progress:825/947
val_progress:850/947
val_progress:875/947
val_progress:900/947
val_progress:925/947
val_progress:947/947
step:500/2000 val_loss:2.9431 val_bpb:1.7430 train_time:431426ms step_avg:862.85ms
step:600/2000 train_loss:2.8349 train_time:521161ms step_avg:868.60ms tok_s:27940
val_progress:1/947
val_progress:25/947
val_progress:50/947
val_progress:75/947
val_progress:100/947
val_progress:125/947
val_progress:150/947
val_progress:175/947
val_progress:200/947
val_progress:225/947
val_progress:250/947
val_progress:275/947
val_progress:300/947
val_progress:325/947
val_progress:350/947
val_progress:375/947
val_progress:400/947
val_progress:425/947
val_progress:450/947
val_progress:475/947
val_progress:500/947
val_progress:525/947
val_progress:550/947
val_progress:575/947
val_progress:600/947
val_progress:625/947
val_progress:650/947
val_progress:675/947
val_progress:700/947
val_progress:725/947
val_progress:750/947
val_progress:775/947
val_progress:800/947
val_progress:825/947
val_progress:850/947
val_progress:875/947
val_progress:900/947
val_progress:925/947
val_progress:947/947
step:690/2000 val_loss:2.7565 val_bpb:1.6326 train_time:600682ms step_avg:870.55ms
stopping_early: wallclock_cap train_time:600682ms step:690/2000
saved_model:logs/exp_034_gradclip025_mlx_model.npz bytes:95546770
serialized_model_int8_zlib:12955792 bytes (payload:24805696 raw_pickle:24816243 payload_ratio:3.85x)
val_progress:1/947
val_progress:25/947
val_progress:50/947
val_progress:75/947
val_progress:100/947
val_progress:125/947
val_progress:150/947
val_progress:175/947
val_progress:200/947
val_progress:225/947
val_progress:250/947
val_progress:275/947
val_progress:300/947
val_progress:325/947
val_progress:350/947
val_progress:375/947
val_progress:400/947
val_progress:425/947
val_progress:450/947
val_progress:475/947
val_progress:500/947
val_progress:525/947
val_progress:550/947
val_progress:575/947
val_progress:600/947
val_progress:625/947
val_progress:650/947
val_progress:675/947
val_progress:700/947
val_progress:725/947
val_progress:750/947
val_progress:775/947
val_progress:800/947
val_progress:825/947
val_progress:850/947
val_progress:875/947
val_progress:900/947
val_progress:925/947
val_progress:947/947
final_int8_zlib_roundtrip val_loss:2.7627 val_bpb:1.6362 eval_time:403804ms
final_int8_zlib_roundtrip_exact val_loss:2.76270313 val_bpb:1.63622841
